[main] Node 19  gradient=3  starting
[I][transport] Node 19: send->broker:7000  recv<-port:7119
[I][sensors_sim] Sim sensors ready (node 19)
[I][gradient_mesh] Node 19 (g=3) sim init OK
[I][gradient_mesh] Provisioned: 0x0014  gradient=3
[I][gradient_mesh] Node 19 → 0x0011  T=19.8 H=60.7 S=39.3
[I][gradient_mesh] Node 19 → 0x0011  T=19.8 H=59.9 S=39.0
[I][gradient_mesh] Node 19 → 0x0011  T=19.7 H=61.0 S=38.7
[I][gradient_mesh] Node 19 → 0x0011  T=19.7 H=60.2 S=38.4
[I][gradient_mesh] Node 19 → 0x0011  T=19.7 H=61.3 S=38.1
[I][gradient_mesh] Node 19 → 0x0011  T=19.7 H=60.5 S=41.8
[I][gradient_mesh] Node 19 → 0x0011  T=19.7 H=59.6 S=41.4
[I][gradient_mesh] Node 19 → 0x0011  T=19.7 H=60.8 S=41.1
[I][gradient_mesh] Node 19 → 0x0011  T=19.6 H=59.4 S=39.8
[I][gradient_mesh] Node 19 → 0x0011  T=19.6 H=60.6 S=39.5
[I][gradient_mesh] Node 19 → 0x0011  T=19.6 H=59.7 S=39.2
[I][gradient_mesh] Node 19 → 0x0011  T=19.6 H=60.9 S=38.9
[I][gradient_mesh] Node 19 → 0x0011  T=19.6 H=60.1 S=38.6
[I][gradient_mesh] Node 19 → 0x0011  T=19.5 H=59.9 S=39.9
[I][gradient_mesh] Node 19 → 0x0011  T=19.5 H=59.1 S=39.6
[I][gradient_mesh] Node 19 → 0x0011  T=19.5 H=60.2 S=39.3
[I][gradient_mesh] Node 19 → 0x0011  T=19.1 H=59.9 S=40.0
[I][gradient_mesh] Node 19 → 0x0011  T=19.1 H=59.1 S=39.7
[I][gradient_mesh] Node 19 → 0x0011  T=19.1 H=60.3 S=39.4
[I][gradient_mesh] Node 19 → 0x0011  T=19.1 H=59.4 S=39.0
[I][gradient_mesh] Node 19 → 0x0011  T=19.1 H=58.6 S=38.7
[I][gradient_mesh] Node 19 → 0x0011  T=19.1 H=59.8 S=38.4
[I][gradient_mesh] Node 19 → 0x0011  T=19.1 H=59.0 S=38.1
[I][gradient_mesh] Node 19 → 0x0011  T=19.1 H=60.1 S=41.8
[I][gradient_mesh] Node 19 → 0x0011  T=19.0 H=58.8 S=40.5
[I][gradient_mesh] Node 19 → 0x0011  T=19.0 H=60.0 S=40.2
[I][gradient_mesh] Node 19 → 0x0011  T=19.0 H=59.2 S=39.9
[I][gradient_mesh] Node 19 → 0x0011  T=19.0 H=58.4 S=39.5
[I][gradient_mesh] Node 19 → 0x0011  T=19.0 H=59.6 S=39.2
[I][gradient_mesh] Node 19 → 0x0011  T=19.1 H=58.8 S=38.9
[I][gradient_mesh] Node 19 → 0x0011  T=19.1 H=60.0 S=38.6
[I][gradient_mesh] Node 19 → 0x0011  T=19.1 H=59.2 S=38.3
[I][gradient_mesh] Node 19 → 0x0011  T=19.3 H=58.9 S=39.0
[I][gradient_mesh] Node 19 → 0x0011  T=19.3 H=60.0 S=38.7
[I][gradient_mesh] Node 19 → 0x0011  T=19.3 H=59.3 S=38.4
[I][gradient_mesh] Node 19 → 0x0011  T=19.3 H=58.5 S=38.0
[I][gradient_mesh] Node 19 → 0x0011  T=19.3 H=59.7 S=41.7
[I][gradient_mesh] Node 19 → 0x0011  T=18.8 H=58.9 S=41.4
[I][gradient_mesh] Node 19 → 0x0011  T=18.8 H=58.1 S=41.1
[I][gradient_mesh] Node 19 → 0x0011  T=18.8 H=59.3 S=40.8
[I][gradient_mesh] Node 19 → 0x0011  T=19.3 H=58.0 S=39.5
[I][gradient_mesh] Node 19 → 0x0011  T=19.3 H=59.2 S=39.2
[I][gradient_mesh] Node 19 → 0x0011  T=19.3 H=58.4 S=38.9
[I][gradient_mesh] Node 19 → 0x0011  T=18.8 H=59.7 S=38.5
[I][gradient_mesh] Node 19 → 0x0011  T=18.8 H=58.9 S=38.2
[I][gradient_mesh] Node 19 → 0x0011  T=18.8 H=58.1 S=41.9
[I][gradient_mesh] Node 19 → 0x0011  T=18.9 H=59.3 S=41.6
[I][gradient_mesh] Node 19 → 0x0011  T=18.9 H=58.6 S=41.3
[I][gradient_mesh] Node 19 → 0x0011  T=19.1 H=58.3 S=42.0
[I][gradient_mesh] Node 19 → 0x0011  T=19.1 H=59.5 S=41.7
[I][gradient_mesh] Node 19 → 0x0011  T=19.2 H=58.8 S=41.4
[I][gradient_mesh] Node 19 → 0x0011  T=19.2 H=58.7 S=38.7
[I][gradient_mesh] Node 19 → 0x0011  T=19.2 H=59.9 S=38.4
[I][gradient_mesh] Node 19 → 0x0011  T=19.2 H=59.1 S=38.1
[I][gradient_mesh] Node 19 → 0x0011  T=19.3 H=58.4 S=41.8
[I][gradient_mesh] Node 19 → 0x0011  T=19.3 H=59.6 S=41.5
[I][gradient_mesh] Node 19 → 0x0011  T=19.2 H=58.4 S=40.2
[I][gradient_mesh] Node 19 → 0x0011  T=19.3 H=59.6 S=39.8
[I][gradient_mesh] Node 19 → 0x0011  T=19.3 H=58.9 S=39.5
[I][gradient_mesh] Node 19 → 0x0011  T=19.3 H=60.1 S=39.2
[I][gradient_mesh] Node 19 → 0x0011  T=19.4 H=59.4 S=38.9
[I][gradient_mesh] Node 19 → 0x0011  T=19.4 H=58.6 S=38.6
[I][gradient_mesh] Node 19 → 0x0011  T=19.5 H=59.9 S=38.3
[I][gradient_mesh] Node 19 → 0x0011  T=19.5 H=59.2 S=42.0
[I][gradient_mesh] Node 19 → 0x0011  T=19.1 H=58.9 S=38.7
[I][gradient_mesh] Node 19 → 0x0011  T=19.2 H=60.2 S=38.3
[I][gradient_mesh] Node 19 → 0x0011  T=19.2 H=59.4 S=38.0
[I][gradient_mesh] Node 19 → 0x0011  T=19.3 H=58.7 S=41.7
[I][gradient_mesh] Node 19 → 0x0011  T=19.3 H=60.0 S=41.4
[I][gradient_mesh] Node 19 → 0x0011  T=19.4 H=59.2 S=41.1
[I][gradient_mesh] Node 19 → 0x0011  T=19.4 H=60.5 S=40.8
[I][gradient_mesh] Node 19 → 0x0011  T=19.5 H=59.8 S=40.5
[I][gradient_mesh] Node 19 → 0x0011  T=19.4 H=60.6 S=39.2
[I][gradient_mesh] Node 19 → 0x0011  T=19.5 H=59.8 S=38.8
[I][gradient_mesh] Node 19 → 0x0011  T=21.3 H=63.7 S=38.8
[I][gradient_mesh] Node 19 → 0x0011  T=21.3 H=62.9 S=38.5
[I][gradient_mesh] Node 19 → 0x0011  T=21.2 H=64.0 S=38.1
[I][gradient_mesh] Node 19 → 0x0011  T=21.1 H=62.7 S=40.8
[I][gradient_mesh] Node 19 → 0x0011  T=21.1 H=63.8 S=40.5
[I][gradient_mesh] Node 19 → 0x0011  T=21.1 H=63.0 S=40.2
[I][gradient_mesh] Node 19 → 0x0011  T=21.1 H=62.1 S=39.9
[I][gradient_mesh] Node 19 → 0x0011  T=21.1 H=63.3 S=39.6
[I][gradient_mesh] Node 19 → 0x0011  T=21.1 H=62.4 S=39.3
[I][gradient_mesh] Node 19 → 0x0011  T=21.0 H=63.6 S=39.0
[I][gradient_mesh] Node 19 → 0x0011  T=21.0 H=62.7 S=38.6
[I][gradient_mesh] Node 19 → 0x0011  T=21.2 H=62.4 S=39.3
[I][gradient_mesh] Node 19 → 0x0011  T=21.2 H=63.5 S=39.0
[I][gradient_mesh] Node 19 → 0x0011  T=20.6 H=62.6 S=38.7
[I][gradient_mesh] Node 19 → 0x0011  T=20.5 H=61.8 S=38.4
[I][gradient_mesh] Node 19 → 0x0011  T=20.5 H=62.9 S=38.1
[I][gradient_mesh] Node 19 → 0x0011  T=20.5 H=62.1 S=41.8
[I][gradient_mesh] Node 19 → 0x0011  T=20.5 H=63.2 S=41.5
[I][gradient_mesh] Node 19 → 0x0011  T=20.7 H=61.6 S=41.4
[I][gradient_mesh] Node 19 → 0x0011  T=20.7 H=62.7 S=41.1
[I][gradient_mesh] Node 19 → 0x0011  T=20.5 H=61.4 S=39.8
[I][gradient_mesh] Node 19 → 0x0011  T=20.5 H=62.5 S=39.5
[I][gradient_mesh] Node 19 → 0x0011  T=20.5 H=61.6 S=39.2
[I][gradient_mesh] Node 19 → 0x0011  T=20.5 H=62.8 S=38.9
[I][gradient_mesh] Node 19 → 0x0011  T=20.5 H=61.9 S=38.6
[I][gradient_mesh] Node 19 → 0x0011  T=20.5 H=61.1 S=38.2
[I][gradient_mesh] Node 19 → 0x0011  T=20.5 H=62.2 S=41.9
[I][gradient_mesh] Node 19 → 0x0011  T=20.5 H=61.4 S=41.6
[I][gradient_mesh] Node 19 → 0x0011  T=20.0 H=61.0 S=38.3
[I][gradient_mesh] Node 19 → 0x0011  T=20.0 H=62.1 S=38.0
[I][gradient_mesh] Node 19 → 0x0011  T=20.0 H=61.3 S=41.7
[I][gradient_mesh] Node 19 → 0x0011  T=20.0 H=60.4 S=41.4
[I][gradient_mesh] Node 19 → 0x0011  T=20.0 H=61.6 S=41.1
[I][gradient_mesh] Node 19 → 0x0011  T=20.0 H=60.7 S=40.8
[I][gradient_mesh] Node 19 → 0x0011  T=19.9 H=61.9 S=40.4
[I][gradient_mesh] Node 19 → 0x0011  T=19.9 H=61.0 S=40.1
[I][gradient_mesh] Node 19 → 0x0011  T=19.8 H=61.6 S=38.8
[I][gradient_mesh] Node 19 → 0x0011  T=19.8 H=60.8 S=38.5
[I][gradient_mesh] Node 19 → 0x0011  T=19.8 H=59.9 S=38.2
[I][gradient_mesh] Node 19 → 0x0011  T=19.8 H=61.1 S=41.9
[I][gradient_mesh] Node 19 → 0x0011  T=19.7 H=60.2 S=41.6
[I][gradient_mesh] Node 19 → 0x0011  T=19.7 H=61.4 S=41.2
[I][gradient_mesh] Node 19 → 0x0011  T=19.7 H=60.5 S=40.9
[I][gradient_mesh] Node 19 → 0x0011  T=19.7 H=59.7 S=40.6
[I][gradient_mesh] Node 19 → 0x0011  T=19.9 H=59.3 S=41.3
[I][gradient_mesh] Node 19 → 0x0011  T=19.9 H=60.5 S=41.0
[I][gradient_mesh] Node 19 → 0x0011  T=19.9 H=59.7 S=40.7
[I][gradient_mesh] Node 19 → 0x0011  T=19.9 H=60.8 S=40.4
[I][gradient_mesh] Node 19 → 0x0011  T=19.3 H=60.0 S=40.1
[I][gradient_mesh] Node 19 → 0x0011  T=19.3 H=59.1 S=39.8
[I][gradient_mesh] Node 19 → 0x0011  T=19.3 H=60.3 S=39.4
[I][gradient_mesh] Node 19 → 0x0011  T=19.3 H=59.5 S=39.1
[I][gradient_mesh] Node 19 → 0x0011  T=19.7 H=60.1 S=41.8
[I][gradient_mesh] Node 19 → 0x0011  T=19.7 H=59.3 S=41.5
[I][gradient_mesh] Node 19 → 0x0011  T=19.1 H=60.5 S=41.2
[I][gradient_mesh] Node 19 → 0x0011  T=19.1 H=59.6 S=40.9
[I][gradient_mesh] Node 19 → 0x0011  T=19.1 H=58.8 S=40.6
[I][gradient_mesh] Node 19 → 0x0011  T=19.1 H=58.6 S=41.9
[I][gradient_mesh] Node 19 → 0x0011  T=19.1 H=59.8 S=41.6
[I][gradient_mesh] Node 19 → 0x0011  T=19.1 H=59.0 S=41.3
