[main] Node 1  gradient=1  starting
[I][transport] Node 1: send->broker:7000  recv<-port:7101
[I][sensors_sim] Sim sensors ready (node 1)
[I][gradient_mesh] Node 1 (g=1) sim init OK
[I][gradient_mesh] Provisioned: 0x0002  gradient=1
[I][gradient_mesh] Node 1 → 0x0001  T=25.9 H=74.2 S=53.5
[I][gradient_mesh] Node 1 → 0x0001  T=26.2 H=73.6 S=55.7
[I][gradient_mesh] Node 1 → 0x0001  T=26.2 H=72.7 S=55.3
[I][gradient_mesh] Node 1 → 0x0001  T=26.2 H=72.6 S=56.7
[I][gradient_mesh] Node 1 → 0x0001  T=26.2 H=73.7 S=56.4
[I][gradient_mesh] Node 1 → 0x0001  T=26.2 H=72.1 S=56.6
[I][gradient_mesh] Node 1 → 0x0001  T=25.6 H=73.2 S=56.3
[I][gradient_mesh] Node 1 → 0x0001  T=25.6 H=72.4 S=56.0
[I][gradient_mesh] Node 1 → 0x0001  T=25.6 H=73.5 S=55.6
[I][gradient_mesh] Node 1 → 0x0001  T=26.0 H=72.9 S=53.8
[I][gradient_mesh] Node 1 → 0x0001  T=26.0 H=72.0 S=53.5
[I][gradient_mesh] Node 1 → 0x0001  T=26.0 H=73.2 S=53.2
[I][gradient_mesh] Node 1 → 0x0001  T=25.9 H=72.3 S=56.9
[I][gradient_mesh] Node 1 → 0x0001  T=25.8 H=71.7 S=54.1
[I][gradient_mesh] Node 1 → 0x0001  T=25.8 H=72.8 S=53.8
[I][gradient_mesh] Node 1 → 0x0001  T=25.8 H=72.0 S=53.4
[I][gradient_mesh] Node 1 → 0x0001  T=25.8 H=71.1 S=53.1
